#
# There is insufficient memory for the Java Runtime Environment to continue.
# Native memory allocation (mmap) failed to map 17179869184 bytes. Error detail: committing reserved memory.
# Possible reasons:
#   The system is out of physical RAM or swap space
#   This process is running with CompressedOops enabled, and the Java Heap may be blocking the growth of the native heap
# Possible solutions:
#   Reduce memory load on the system
#   Increase physical memory or swap space
#   Check if swap backing store is full
#   Decrease Java heap size (-Xmx/-Xms)
#   Decrease number of Java threads
#   Decrease Java thread stack sizes (-Xss)
#   Set larger code cache with -XX:ReservedCodeCacheSize=
#   JVM is running with Zero Based Compressed Oops mode in which the Java heap is
#     placed in the first 32GB address space. The Java Heap base address is the
#     maximum limit for the native heap growth. Please use -XX:HeapBaseMinAddress
#     to set the Java Heap base and to place the Java Heap above 32GB virtual address.
# This output file may be truncated or incomplete.
#
#  Out of Memory Error (os_linux.cpp:2829), pid=7009, tid=7010
#
# JRE version:  (21.0.10+7) (build )
# Java VM: OpenJDK 64-Bit Server VM (21.0.10+7-Ubuntu-124.04, mixed mode, sharing, tiered, compressed oops, compressed class ptrs, g1 gc, linux-amd64)
# Core dump will be written. Default location: Core dumps may be processed with "/usr/share/apport/apport -p%p -s%s -c%c -d%d -P%P -u%u -g%g -F%F -- %E" (or dumping to /root/server/core.7009)
#

---------------  S U M M A R Y ------------

Command Line: -Xmx16G -Xms16G mohist-1.20.1-46ca730.jar nogui

Host: Intel Xeon Processor (Icelake), 4 cores, 15G, Ubuntu 24.04.4 LTS
Time: Tue Mar 24 15:31:44 2026 MSK elapsed time: 0.009217 seconds (0d 0h 0m 0s)

---------------  T H R E A D  ---------------

Current thread (0x00007486540194a0):  JavaThread "Unknown thread" [_thread_in_vm, id=7010, stack(0x000074865bf00000,0x000074865c000000) (1024K)]

Stack: [0x000074865bf00000,0x000074865c000000],  sp=0x000074865bffe500,  free space=1017k
Native frames: (J=compiled Java code, j=interpreted, Vv=VM code, C=native code)
V  [libjvm.so+0x101ac9b]  VMError::report_and_die(int, char const*, char const*, __va_list_tag*, Thread*, unsigned char*, void*, void*, char const*, int, unsigned long)+0x27b  (os_linux.cpp:2829)
V  [libjvm.so+0x101b701]
V  [libjvm.so+0x6b4531]
V  [libjvm.so+0xd032ed]  os::pd_commit_memory_or_exit(char*, unsigned long, unsigned long, bool, char const*)+0xdd
V  [libjvm.so+0xcfcb0f]  os::commit_memory_or_exit(char*, unsigned long, unsigned long, bool, char const*)+0x1f
V  [libjvm.so+0x815abb]  G1PageBasedVirtualSpace::commit(unsigned long, unsigned long)+0x5b
V  [libjvm.so+0x82c13b]  G1RegionsLargerThanCommitSizeMapper::commit_regions(unsigned int, unsigned long, WorkerThreads*)+0xab
V  [libjvm.so+0x8bcefa]  HeapRegionManager::commit_regions(unsigned int, unsigned long, WorkerThreads*)+0x5a
V  [libjvm.so+0x8beb9f]  HeapRegionManager::expand(unsigned int, unsigned int, WorkerThreads*)+0x2f
V  [libjvm.so+0x8bedb5]  HeapRegionManager::expand_by(unsigned int, WorkerThreads*)+0x75
V  [libjvm.so+0x7cb23c]  G1CollectedHeap::expand(unsigned long, WorkerThreads*, double*)+0xfc
V  [libjvm.so+0x7cb7d3]  G1CollectedHeap::initialize()+0x543
V  [libjvm.so+0xfbe729]  universe_init()+0xd9
V  [libjvm.so+0x8dd0aa]  init_globals()+0x3a
V  [libjvm.so+0xf9d6e8]  Threads::create_vm(JavaVMInitArgs*, bool*)+0x278
V  [libjvm.so+0x9b6da3]  JNI_CreateJavaVM+0x53
C  [libjli.so+0x4673]  JavaMain+0x93
C  [libjli.so+0x846d]  ThreadJavaMain+0xd
C  [libc.so.6+0x9caa4]

---------------  P R O C E S S  ---------------

Threads class SMR info:
_java_thread_list=0x000074865d94e120, length=0, elements={
}

Java Threads: ( => current thread )
Total: 0

Other Threads:
  0x00007486540446a0 WorkerThread "GC Thread#0"                     [id=7011, stack(0x0000748659700000,0x0000748659800000) (1024K)]
  0x0000748654055cb0 ConcurrentGCThread "G1 Main Marker"            [id=7012, stack(0x00007486595ff000,0x00007486596ff000) (1024K)]
  0x0000748654056c60 WorkerThread "G1 Conc#0"                       [id=7013, stack(0x00007486594fe000,0x00007486595fe000) (1024K)]

[error occurred during error reporting (printing all threads), id 0xb, SIGSEGV (0xb) at pc=0x000074865cbe6604]
VM state: not at safepoint (not fully initialized)

VM Mutex/Monitor currently owned by a thread:  ([mutex/lock_event])
[0x000074865d927db8] Heap_lock - owner thread: 0x00007486540194a0

Heap address: 0x0000000400000000, size: 16384 MB, Compressed Oops mode: Zero based, Oop shift amount: 3

CDS archive(s) mapped at: [0x0000000000000000-0x0000000000000000-0x0000000000000000), size 0, SharedBaseAddress: 0x0000000800000000, ArchiveRelocationMode: 1.
Narrow klass base: 0x0000000000000000, Narrow klass shift: 0, Narrow klass range: 0x0

GC Precious Log:
 CardTable entry size: 512
 Card Set container configuration: InlinePtr #cards 4 size 8 Array Of Cards #cards 64 size 144 Howl #buckets 8 coarsen threshold 14745 Howl Bitmap #cards 2048 size 272 coarsen threshold 1843 Card regions per heap region 1 cards per card region 16384

Heap:
 garbage-first heap   total 0K, used 0K [0x0000000400000000, 0x0000000800000000)
  region size 8192K, 0 young (0K), 0 survivors (0K)

[error occurred during error reporting (printing heap information), id 0xb, SIGSEGV (0xb) at pc=0x000074865d1af88e]
GC Heap History (0 events):
No events

Dll operation events (1 events):
Event: 0.002 Loaded shared library /usr/lib/jvm/java-21-openjdk-amd64/lib/libjava.so

Deoptimization events (0 events):
No events

Classes loaded (0 events):
No events

Classes unloaded (0 events):
No events

Classes redefined (0 events):
No events

Internal exceptions (0 events):
No events

ZGC Phase Switch (0 events):
No events

VM Operations (0 events):
No events

Memory protections (1 events):
Event: 0.001 Protecting memory [0x000074865bf00000,0x000074865bf04000] with protection modes 0

Nmethod flushes (0 events):
No events

Events (0 events):
No events


Dynamic libraries:
400000000-800000000 ---p 00000000 00:00 0 
5f3ea2fa3000-5f3ea2fa4000 r--p 00000000 fd:01 670126                     /usr/lib/jvm/java-21-openjdk-amd64/bin/java
5f3ea2fa4000-5f3ea2fa5000 r-xp 00001000 fd:01 670126                     /usr/lib/jvm/java-21-openjdk-amd64/bin/java
5f3ea2fa5000-5f3ea2fa6000 r--p 00002000 fd:01 670126                     /usr/lib/jvm/java-21-openjdk-amd64/bin/java
5f3ea2fa6000-5f3ea2fa7000 r--p 00002000 fd:01 670126                     /usr/lib/jvm/java-21-openjdk-amd64/bin/java
5f3ea2fa7000-5f3ea2fa8000 rw-p 00003000 fd:01 670126                     /usr/lib/jvm/java-21-openjdk-amd64/bin/java
5f3eac0ea000-5f3eac131000 rw-p 00000000 00:00 0                          [heap]
74861c000000-74861c021000 rw-p 00000000 00:00 0 
74861c021000-748620000000 ---p 00000000 00:00 0 
748620000000-748620021000 rw-p 00000000 00:00 0 
748620021000-748624000000 ---p 00000000 00:00 0 
748624000000-748624021000 rw-p 00000000 00:00 0 
748624021000-748628000000 ---p 00000000 00:00 0 
748628800000-74862a800000 rw-p 00000000 00:00 0 
74862a800000-74863c800000 ---p 00000000 00:00 0 
74863c800000-74863ca70000 rwxp 00000000 00:00 0 
74863ca70000-748643d37000 ---p 00000000 00:00 0 
748643d37000-748643fa7000 rwxp 00000000 00:00 0 
748643fa7000-7486442c8000 ---p 00000000 00:00 0 
7486442c8000-748644538000 rwxp 00000000 00:00 0 
748644538000-74864b800000 ---p 00000000 00:00 0 
74864b800000-748653e3e000 r--s 00000000 fd:01 670276                     /usr/lib/jvm/java-21-openjdk-amd64/lib/modules
748654000000-748654092000 rw-p 00000000 00:00 0 
748654092000-748658000000 ---p 00000000 00:00 0 
748658c94000-7486594fd000 rw-p 00000000 00:00 0 
7486594fd000-7486594fe000 ---p 00000000 00:00 0 
7486594fe000-7486595fe000 rw-p 00000000 00:00 0 
7486595fe000-7486595ff000 ---p 00000000 00:00 0 
7486595ff000-7486596ff000 rw-p 00000000 00:00 0 
7486596ff000-748659700000 ---p 00000000 00:00 0 
748659700000-748659800000 rw-p 00000000 00:00 0 
748659800000-74865b800000 ---p 00000000 00:00 0 
74865b8e5000-74865bd2f000 rw-p 00000000 00:00 0 
74865bd2f000-74865be15000 ---p 00000000 00:00 0 
74865be15000-74865be1a000 rw-p 00000000 00:00 0 
74865be1a000-74865bf00000 ---p 00000000 00:00 0 
74865bf00000-74865bf04000 ---p 00000000 00:00 0 
74865bf04000-74865c000000 rw-p 00000000 00:00 0 
74865c000000-74865c09d000 r--p 00000000 fd:01 12949                      /usr/lib/x86_64-linux-gnu/libstdc++.so.6.0.33
74865c09d000-74865c1e5000 r-xp 0009d000 fd:01 12949                      /usr/lib/x86_64-linux-gnu/libstdc++.so.6.0.33
74865c1e5000-74865c26c000 r--p 001e5000 fd:01 12949                      /usr/lib/x86_64-linux-gnu/libstdc++.so.6.0.33
74865c26c000-74865c277000 r--p 0026b000 fd:01 12949                      /usr/lib/x86_64-linux-gnu/libstdc++.so.6.0.33
74865c277000-74865c27a000 rw-p 00276000 fd:01 12949                      /usr/lib/x86_64-linux-gnu/libstdc++.so.6.0.33
74865c27a000-74865c27e000 rw-p 00000000 00:00 0 
74865c296000-74865c317000 rw-p 00000000 00:00 0 
74865c317000-74865c327000 r--p 00000000 fd:01 12836                      /usr/lib/x86_64-linux-gnu/libm.so.6
74865c327000-74865c3a6000 r-xp 00010000 fd:01 12836                      /usr/lib/x86_64-linux-gnu/libm.so.6
74865c3a6000-74865c3fe000 r--p 0008f000 fd:01 12836                      /usr/lib/x86_64-linux-gnu/libm.so.6
74865c3fe000-74865c3ff000 r--p 000e7000 fd:01 12836                      /usr/lib/x86_64-linux-gnu/libm.so.6
74865c3ff000-74865c400000 rw-p 000e8000 fd:01 12836                      /usr/lib/x86_64-linux-gnu/libm.so.6
74865c400000-74865c6a2000 r--p 00000000 fd:01 670282                     /usr/lib/jvm/java-21-openjdk-amd64/lib/server/libjvm.so
74865c6a2000-74865d518000 r-xp 002a2000 fd:01 670282                     /usr/lib/jvm/java-21-openjdk-amd64/lib/server/libjvm.so
74865d518000-74865d7f2000 r--p 01118000 fd:01 670282                     /usr/lib/jvm/java-21-openjdk-amd64/lib/server/libjvm.so
74865d7f2000-74865d8c6000 r--p 013f1000 fd:01 670282                     /usr/lib/jvm/java-21-openjdk-amd64/lib/server/libjvm.so
74865d8c6000-74865d8f6000 rw-p 014c5000 fd:01 670282                     /usr/lib/jvm/java-21-openjdk-amd64/lib/server/libjvm.so
74865d8f6000-74865d95c000 rw-p 00000000 00:00 0 
74865d997000-74865d9dc000 rw-p 00000000 00:00 0 
74865d9dc000-74865d9e9000 r--p 00000000 fd:01 670253                     /usr/lib/jvm/java-21-openjdk-amd64/lib/libjava.so
74865d9e9000-74865d9f8000 r-xp 0000d000 fd:01 670253                     /usr/lib/jvm/java-21-openjdk-amd64/lib/libjava.so
74865d9f8000-74865d9fd000 r--p 0001c000 fd:01 670253                     /usr/lib/jvm/java-21-openjdk-amd64/lib/libjava.so
74865d9fd000-74865d9fe000 r--p 00021000 fd:01 670253                     /usr/lib/jvm/java-21-openjdk-amd64/lib/libjava.so
74865d9fe000-74865d9ff000 rw-p 00022000 fd:01 670253                     /usr/lib/jvm/java-21-openjdk-amd64/lib/libjava.so
74865d9ff000-74865da00000 rw-p 00000000 00:00 0 
74865da00000-74865da28000 r--p 00000000 fd:01 12705                      /usr/lib/x86_64-linux-gnu/libc.so.6
74865da28000-74865dbb0000 r-xp 00028000 fd:01 12705                      /usr/lib/x86_64-linux-gnu/libc.so.6
74865dbb0000-74865dbff000 r--p 001b0000 fd:01 12705                      /usr/lib/x86_64-linux-gnu/libc.so.6
74865dbff000-74865dc03000 r--p 001fe000 fd:01 12705                      /usr/lib/x86_64-linux-gnu/libc.so.6
74865dc03000-74865dc05000 rw-p 00202000 fd:01 12705                      /usr/lib/x86_64-linux-gnu/libc.so.6
74865dc05000-74865dc12000 rw-p 00000000 00:00 0 
74865dc27000-74865dc2c000 rw-p 00000000 00:00 0 
74865dc2c000-74865dc33000 ---p 00000000 00:00 0 
74865dc33000-74865dc3b000 rw-s 00000000 fd:01 655376                     /tmp/hsperfdata_root/7009
74865dc3b000-74865dc3d000 r--p 00000000 fd:01 670256                     /usr/lib/jvm/java-21-openjdk-amd64/lib/libjimage.so
74865dc3d000-74865dc40000 r-xp 00002000 fd:01 670256                     /usr/lib/jvm/java-21-openjdk-amd64/lib/libjimage.so
74865dc40000-74865dc41000 r--p 00005000 fd:01 670256                     /usr/lib/jvm/java-21-openjdk-amd64/lib/libjimage.so
74865dc41000-74865dc42000 r--p 00006000 fd:01 670256                     /usr/lib/jvm/java-21-openjdk-amd64/lib/libjimage.so
74865dc42000-74865dc43000 rw-p 00007000 fd:01 670256                     /usr/lib/jvm/java-21-openjdk-amd64/lib/libjimage.so
74865dc43000-74865dc47000 r--p 00000000 fd:01 12766                      /usr/lib/x86_64-linux-gnu/libgcc_s.so.1
74865dc47000-74865dc6b000 r-xp 00004000 fd:01 12766                      /usr/lib/x86_64-linux-gnu/libgcc_s.so.1
74865dc6b000-74865dc6f000 r--p 00028000 fd:01 12766                      /usr/lib/x86_64-linux-gnu/libgcc_s.so.1
74865dc6f000-74865dc70000 r--p 0002b000 fd:01 12766                      /usr/lib/x86_64-linux-gnu/libgcc_s.so.1
74865dc70000-74865dc71000 rw-p 0002c000 fd:01 12766                      /usr/lib/x86_64-linux-gnu/libgcc_s.so.1
74865dc71000-74865dc73000 rw-p 00000000 00:00 0 
74865dc73000-74865dc75000 r--p 00000000 fd:01 670257                     /usr/lib/jvm/java-21-openjdk-amd64/lib/libjli.so
74865dc75000-74865dc7f000 r-xp 00002000 fd:01 670257                     /usr/lib/jvm/java-21-openjdk-amd64/lib/libjli.so
74865dc7f000-74865dc82000 r--p 0000c000 fd:01 670257                     /usr/lib/jvm/java-21-openjdk-amd64/lib/libjli.so
74865dc82000-74865dc83000 r--p 0000f000 fd:01 670257                     /usr/lib/jvm/java-21-openjdk-amd64/lib/libjli.so
74865dc83000-74865dc84000 rw-p 00010000 fd:01 670257                     /usr/lib/jvm/java-21-openjdk-amd64/lib/libjli.so
74865dc84000-74865dc86000 r--p 00000000 fd:01 13005                      /usr/lib/x86_64-linux-gnu/libz.so.1.3
74865dc86000-74865dc98000 r-xp 00002000 fd:01 13005                      /usr/lib/x86_64-linux-gnu/libz.so.1.3
74865dc98000-74865dc9e000 r--p 00014000 fd:01 13005                      /usr/lib/x86_64-linux-gnu/libz.so.1.3
74865dc9e000-74865dc9f000 r--p 0001a000 fd:01 13005                      /usr/lib/x86_64-linux-gnu/libz.so.1.3
74865dc9f000-74865dca0000 rw-p 0001b000 fd:01 13005                      /usr/lib/x86_64-linux-gnu/libz.so.1.3
74865dca4000-74865dca5000 ---p 00000000 00:00 0 
74865dca5000-74865dca6000 r--p 00000000 00:00 0 
74865dca6000-74865dca7000 ---p 00000000 00:00 0 
74865dca7000-74865dca9000 rw-p 00000000 00:00 0 
74865dca9000-74865dcad000 r--p 00000000 00:00 0                          [vvar]
74865dcad000-74865dcaf000 r--p 00000000 00:00 0                          [vvar_vclock]
74865dcaf000-74865dcb1000 r-xp 00000000 00:00 0                          [vdso]
74865dcb1000-74865dcb2000 r--p 00000000 fd:01 12656                      /usr/lib/x86_64-linux-gnu/ld-linux-x86-64.so.2
74865dcb2000-74865dcdd000 r-xp 00001000 fd:01 12656                      /usr/lib/x86_64-linux-gnu/ld-linux-x86-64.so.2
74865dcdd000-74865dce7000 r--p 0002c000 fd:01 12656                      /usr/lib/x86_64-linux-gnu/ld-linux-x86-64.so.2
74865dce7000-74865dce9000 r--p 00036000 fd:01 12656                      /usr/lib/x86_64-linux-gnu/ld-linux-x86-64.so.2
74865dce9000-74865dceb000 rw-p 00038000 fd:01 12656                      /usr/lib/x86_64-linux-gnu/ld-linux-x86-64.so.2
7ffda0f98000-7ffda0fb9000 rw-p 00000000 00:00 0                          [stack]
ffffffffff600000-ffffffffff601000 --xp 00000000 00:00 0                  [vsyscall]
Total number of mappings: 107

JVMTI agents: none


VM Arguments:
jvm_args: -Xmx16G -Xms16G 
java_command: mohist-1.20.1-46ca730.jar nogui
java_class_path (initial): mohist-1.20.1-46ca730.jar
Launcher Type: SUN_STANDARD

[Global flags]
     intx CICompilerCount                          = 3                                         {product} {ergonomic}
     uint ConcGCThreads                            = 1                                         {product} {ergonomic}
     uint G1ConcRefinementThreads                  = 4                                         {product} {ergonomic}
   size_t G1HeapRegionSize                         = 8388608                                   {product} {ergonomic}
    uintx GCDrainStackTargetSize                   = 64                                        {product} {ergonomic}
   size_t InitialHeapSize                          = 17179869184                               {product} {command line}
   size_t MarkStackSize                            = 4194304                                   {product} {ergonomic}
   size_t MaxHeapSize                              = 17179869184                               {product} {command line}
   size_t MinHeapDeltaBytes                        = 8388608                                   {product} {ergonomic}
   size_t MinHeapSize                              = 17179869184                               {product} {command line}
    uintx NonNMethodCodeHeapSize                   = 5832780                                {pd product} {ergonomic}
    uintx NonProfiledCodeHeapSize                  = 122912730                              {pd product} {ergonomic}
    uintx ProfiledCodeHeapSize                     = 122912730                              {pd product} {ergonomic}
    uintx ReservedCodeCacheSize                    = 251658240                              {pd product} {ergonomic}
     bool SegmentedCodeCache                       = true                                      {product} {ergonomic}
   size_t SoftMaxHeapSize                          = 17179869184                            {manageable} {ergonomic}
     bool UseCompressedOops                        = true                           {product lp64_product} {ergonomic}
     bool UseG1GC                                  = true                                      {product} {ergonomic}

Logging:
Log output configuration:
 #0: stdout all=warning uptime,level,tags foldmultilines=false
 #1: stderr all=off uptime,level,tags foldmultilines=false

Release file:
<release file has not been read>
Environment Variables:
PATH=/usr/local/sbin:/usr/local/bin:/usr/sbin:/usr/bin:/sbin:/bin:/usr/games:/usr/local/games:/snap/bin
SHELL=/bin/bash
LANG=ru_RU.UTF-8
TERM=linux

Active Locale:
LC_ALL=C
LC_COLLATE=C
LC_CTYPE=C
LC_MESSAGES=C
LC_MONETARY=C
LC_NUMERIC=C
LC_TIME=C

Signal Handlers:
   SIGSEGV: crash_handler in libjvm.so, mask=11100100010111111101111111111110, flags=SA_RESTART|SA_SIGINFO, unblocked
    SIGBUS: crash_handler in libjvm.so, mask=11100100010111111101111111111110, flags=SA_RESTART|SA_SIGINFO, unblocked
    SIGFPE: crash_handler in libjvm.so, mask=11100100010111111101111111111110, flags=SA_RESTART|SA_SIGINFO, unblocked
   SIGPIPE: javaSignalHandler in libjvm.so, mask=11100100010111111101111111111110, flags=SA_RESTART|SA_SIGINFO, blocked
   SIGXFSZ: javaSignalHandler in libjvm.so, mask=11100100010111111101111111111110, flags=SA_RESTART|SA_SIGINFO, blocked
    SIGILL: crash_handler in libjvm.so, mask=11100100010111111101111111111110, flags=SA_RESTART|SA_SIGINFO, unblocked
   SIGUSR2: SR_handler in libjvm.so, mask=00000000000000000000000000000000, flags=SA_RESTART|SA_SIGINFO, blocked
    SIGHUP: SIG_DFL, mask=00000000000000000000000000000000, flags=none, blocked
    SIGINT: SIG_DFL, mask=00000000000000000000000000000000, flags=none, blocked
   SIGTERM: SIG_DFL, mask=00000000000000000000000000000000, flags=none, blocked
   SIGQUIT: UserHandler in libjvm.so, mask=11100100010111111101111111111110, flags=SA_RESTART|SA_SIGINFO, blocked
   SIGTRAP: crash_handler in libjvm.so, mask=11100100010111111101111111111110, flags=SA_RESTART|SA_SIGINFO, unblocked


Periodic native trim disabled

---------------  S Y S T E M  ---------------

OS:
DISTRIB_ID=Ubuntu
DISTRIB_RELEASE=24.04
DISTRIB_CODENAME=noble
DISTRIB_DESCRIPTION="Ubuntu 24.04.4 LTS"
uname: Linux 6.17.0-19-generic #19~24.04.2-Ubuntu SMP PREEMPT_DYNAMIC Fri Mar  6 23:08:46 UTC 2 x86_64
OS uptime: 0 days 0:51 hours
libc: glibc 2.39 NPTL 2.39 
rlimit (soft/hard): STACK 8192k/infinity , CORE 0k/infinity , NPROC 63749/63749 , NOFILE 1048576/1048576 , AS infinity/infinity , CPU infinity/infinity , DATA infinity/infinity , FSIZE infinity/infinity , MEMLOCK 2050692k/2050692k
load average: 0.04 0.09 0.03

/proc/meminfo:
MemTotal:       16405552 kB
MemFree:        11962268 kB
MemAvailable:   14372184 kB
Buffers:           63116 kB
Cached:          2557884 kB
SwapCached:            0 kB
Active:          2031888 kB
Inactive:        2097692 kB
Active(anon):    1519340 kB
Inactive(anon):        0 kB
Active(file):     512548 kB
Inactive(file):  2097692 kB
Unevictable:       28204 kB
Mlocked:           27264 kB
SwapTotal:             0 kB
SwapFree:              0 kB
Zswap:                 0 kB
Zswapped:              0 kB
Dirty:               368 kB
Writeback:             0 kB
AnonPages:       1536888 kB
Mapped:           213276 kB
Shmem:              2036 kB
KReclaimable:     105904 kB
Slab:             177980 kB
SReclaimable:     105904 kB
SUnreclaim:        72076 kB
KernelStack:        4720 kB
PageTables:         7988 kB
SecPageTables:         0 kB
NFS_Unstable:          0 kB
Bounce:                0 kB
WritebackTmp:          0 kB
CommitLimit:     8202776 kB
Committed_AS:    2825492 kB
VmallocTotal:   13743895347199 kB
VmallocUsed:       19720 kB
VmallocChunk:          0 kB
Percpu:             2064 kB
HardwareCorrupted:     0 kB
AnonHugePages:         0 kB
ShmemHugePages:        0 kB
ShmemPmdMapped:        0 kB
FileHugePages:    206848 kB
FilePmdMapped:         0 kB
CmaTotal:              0 kB
CmaFree:               0 kB
Unaccepted:            0 kB
Balloon:               0 kB
HugePages_Total:       0
HugePages_Free:        0
HugePages_Rsvd:        0
HugePages_Surp:        0
Hugepagesize:       2048 kB
Hugetlb:               0 kB
DirectMap4k:      120684 kB
DirectMap2M:     4106240 kB
DirectMap1G:    13631488 kB

/sys/kernel/mm/transparent_hugepage/enabled: always [madvise] never
/sys/kernel/mm/transparent_hugepage/hpage_pmd_size: 2097152
/sys/kernel/mm/transparent_hugepage/defrag (defrag/compaction efforts parameter): always defer defer+madvise [madvise] never

Process Memory:
Virtual Size: 17831620K (peak: 17831620K)
Resident Set Size: 22692K (peak: 22692K) (anon: 7444K, file: 15248K, shmem: 0K)
Swapped out: 0K
C-Heap outstanding allocations: 14186K, retained: 597K
glibc malloc tunables: (default)

/proc/sys/kernel/threads-max (system-wide limit on the number of threads): 127499
/proc/sys/vm/max_map_count (maximum number of memory map areas a process may have): 1048576
/proc/sys/vm/swappiness (control to define how aggressively the kernel swaps out anonymous memory): 60
/proc/sys/kernel/pid_max (system-wide limit on number of process identifiers): 4194304

container information not found.
KVM virtualization detected
Steal ticks since vm start: 0
Steal ticks percentage since vm start:  0.000

CPU: total 4 (initial active 4) (1 cores per cpu, 1 threads per core) family 6 model 134 stepping 0 microcode 0x1, cx8, cmov, fxsr, mmx, 3dnowpref, sse, sse2, sse3, ssse3, sse4.1, sse4.2, popcnt, lzcnt, tsc, avx, avx2, aes, erms, clmul, bmi1, bmi2, adx, avx512f, avx512dq, avx512cd, avx512bw, avx512vl, sha, fma, vzeroupper, avx512_vpopcntdq, avx512_vpclmulqdq, avx512_vaes, avx512_vnni, clflush, clflushopt, clwb, avx512_vbmi2, avx512_vbmi, hv, rdtscp, rdpid, fsrm, gfni, avx512_bitalg, f16c, pku, ospke, avx512_ifma
CPU Model and flags from /proc/cpuinfo:
model name	: Intel Xeon Processor (Icelake)
flags		: fpu vme de pse tsc msr pae mce cx8 apic sep mtrr pge mca cmov pat pse36 clflush dts mmx fxsr sse sse2 ss syscall nx pdpe1gb rdtscp lm pebs bts rep_good nopl xtopology cpuid tsc_known_freq pni pclmulqdq dtes64 vmx ssse3 fma cx16 pcid sse4_1 sse4_2 x2apic movbe popcnt tsc_deadline_timer aes xsave avx f16c rdrand hypervisor lahf_lm abm 3dnowprefetch cpuid_fault ssbd ibrs ibpb stibp ibrs_enhanced tpr_shadow flexpriority ept vpid ept_ad fsgsbase tsc_adjust bmi1 avx2 smep bmi2 erms invpcid avx512f avx512dq rdseed adx smap avx512ifma clflushopt clwb avx512cd sha_ni avx512bw avx512vl xsaveopt xsavec xgetbv1 xsaves wbnoinvd arat vnmi avx512vbmi umip pku ospke avx512_vbmi2 gfni vaes vpclmulqdq avx512_vnni avx512_bitalg avx512_vpopcntdq la57 rdpid fsrm md_clear flush_l1d arch_capabilities

Online cpus: 0-3
Offline cpus: 
BIOS frequency limitation: <Not Available>
Frequency switch latency (ns): <Not Available>
Available cpu frequencies: <Not Available>
Current governor: <Not Available>
Core performance/turbo boost: <Not Available>

Memory: 4k page, physical 16405552k(14372184k free), swap 0k(0k free)
Page Sizes: 4k

vm_info: OpenJDK 64-Bit Server VM (21.0.10+7-Ubuntu-124.04) for linux-amd64 JRE (21.0.10+7-Ubuntu-124.04), built on 2026-01-22T23:46:23Z by "buildd" with gcc 13.3.0

END.
